// Jest Snapshot v1, https://goo.gl/fbAQLP

exports[`QuizResult 스냅샷과 결과물이 일치해야 함 1`] = `
<Provider
  store={
    Object {
      "@@observable": [Function],
      "dispatch": [Function],
      "getState": [Function],
      "replaceReducer": [Function],
      "subscribe": [Function],
    }
  }
>
  <ResultChart
    correct={3}
    incorrect={2}
    quizNum={5}
  >
    <div
      className="w-full h-full flex flex-col items-center justify-evenly"
    >
      <Chart
        chartActions={null}
        chartEvents={null}
        chartType="PieChart"
        chartWrapperParams={Object {}}
        className=""
        columns={null}
        controls={null}
        data={
          Array [
            Array [
              "chart",
              "number",
            ],
            Array [
              "Correct",
              3,
            ],
            Array [
              "Incorrect",
              2,
            ],
          ]
        }
        diffdata={null}
        formatters={null}
        getChartEditor={null}
        getChartWrapper={[Function]}
        graphID={null}
        graph_id={null}
        height="350px"
        legendToggle={false}
        legend_toggle={false}
        loader={
          <Spinner
            animation="border"
          />
        }
        options={
          Object {
            "backgroundColor": "none",
            "legend": "none",
            "pieSliceText": "label",
            "pieStartAngle": 100,
          }
        }
        render={null}
        rootProps={
          Object {
            "data-testid": "2",
          }
        }
        rows={null}
        spreadSheetQueryParameters={
          Object {
            "gid": 1,
            "headers": 1,
          }
        }
        spreadSheetUrl={null}
        style={Object {}}
        toolbarID={null}
        toolbarItems={null}
        width="350px"
      >
        <ContextProvider
          value={
            Object {
              "chartActions": null,
              "chartEvents": null,
              "chartType": "PieChart",
              "chartWrapperParams": Object {},
              "className": "",
              "columns": null,
              "controls": null,
              "data": Array [
                Array [
                  "chart",
                  "number",
                ],
                Array [
                  "Correct",
                  3,
                ],
                Array [
                  "Incorrect",
                  2,
                ],
              ],
              "diffdata": null,
              "formatters": null,
              "getChartEditor": null,
              "getChartWrapper": [Function],
              "graphID": null,
              "graph_id": null,
              "height": "350px",
              "legendToggle": false,
              "legend_toggle": false,
              "loader": <Spinner
                animation="border"
              />,
              "options": Object {
                "backgroundColor": "none",
                "legend": "none",
                "pieSliceText": "label",
                "pieStartAngle": 100,
              },
              "render": null,
              "rootProps": Object {
                "data-testid": "2",
              },
              "rows": null,
              "spreadSheetQueryParameters": Object {
                "gid": 1,
                "headers": 1,
              },
              "spreadSheetUrl": null,
              "style": Object {},
              "toolbarID": null,
              "toolbarItems": null,
              "width": "350px",
            }
          }
        >
          <Spinner
            animation="border"
          >
            <div
              className="spinner-border"
            />
          </Spinner>
          <GoogleChartLoader
            onError={[Function]}
            onLoad={[Function]}
          >
            <Script
              attributes={Object {}}
              onCreate={[Function]}
              onError={[Function]}
              onLoad={[Function]}
              url="https://www.gstatic.com/charts/loader.js"
            />
          </GoogleChartLoader>
        </ContextProvider>
      </Chart>
      <article
        className="w-full h-1/4 flex flex-col items-center justify-between -mt-20"
      >
        <h1
          className="text-4xl Kanit text-green-500"
        >
          Not Bad!
        </h1>
        <p
          className="Kanit -mt-10"
        >
          You got 3 out of 5 questions
        </p>
        <button
          className="w-20 bg-white opacity-70 active:opacity-90 rounded-md"
          onClick={[Function]}
        >
          Restart
        </button>
      </article>
    </div>
  </ResultChart>
</Provider>
`;
